是否所发生的
